
Memory Configuration

Name             Origin             Length             Attributes
Mem              0x00000000         0x04000000         xrw
*default*        0x00000000         0xffffffff

Linker script and memory map

                0x00010000                . = 0x10000

.startup        0x00010000       0x10
 startup.o(.text)
 .text          0x00010000       0x10 startup.o
                0x00010000                reset

.text           0x00010010       0x6c
 *(.text)
 .text          0x00010010       0x1c app.o
                0x00010010                main
 .text          0x0001002c       0x50 UART.o
                0x0001002c                uart_send_string
 *(.rodata)

.glue_7         0x0001007c        0x0
 .glue_7        0x00000000        0x0 linker stubs

.glue_7t        0x0001007c        0x0
 .glue_7t       0x00000000        0x0 linker stubs

.vfp11_veneer   0x0001007c        0x0
 .vfp11_veneer  0x00000000        0x0 linker stubs

.v4_bx          0x0001007c        0x0
 .v4_bx         0x00000000        0x0 linker stubs

.iplt           0x0001007c        0x0
 .iplt          0x00000000        0x0 startup.o

.rel.dyn        0x0001007c        0x0
 .rel.iplt      0x00000000        0x0 startup.o

.data           0x0001007c       0x64
 *(.data)
 .data          0x0001007c        0x0 startup.o
 .data          0x0001007c       0x64 app.o
                0x0001007c                string_buffer
 .data          0x000100e0        0x0 UART.o

.igot.plt       0x000100e0        0x0
 .igot.plt      0x00000000        0x0 startup.o

.bss            0x000100e0        0x0
 *(.bss)
 .bss           0x000100e0        0x0 startup.o
 .bss           0x000100e0        0x0 app.o
 .bss           0x000100e0        0x0 UART.o
 *(COMMON)
                0x000110e0                . = (. + 0x1000)
                0x000110e0                stack_top = .
LOAD app.o
LOAD UART.o
LOAD startup.o
OUTPUT(learn-in-depth.elf elf32-littlearm)

.ARM.attributes
                0x00000000       0x2e
 .ARM.attributes
                0x00000000       0x22 startup.o
 .ARM.attributes
                0x00000022       0x32 app.o
 .ARM.attributes
                0x00000054       0x32 UART.o

.comment        0x00000000       0x11
 .comment       0x00000000       0x11 app.o
                                 0x12 (size before relaxing)
 .comment       0x00000000       0x12 UART.o

.debug_line     0x00000000       0xac
 .debug_line    0x00000000       0x3a startup.o
 .debug_line    0x0000003a       0x35 app.o
 .debug_line    0x0000006f       0x3d UART.o

.debug_info     0x00000000      0x136
 .debug_info    0x00000000       0x64 startup.o
 .debug_info    0x00000064       0x76 app.o
 .debug_info    0x000000da       0x5c UART.o

.debug_abbrev   0x00000000       0xca
 .debug_abbrev  0x00000000       0x14 startup.o
 .debug_abbrev  0x00000014       0x65 app.o
 .debug_abbrev  0x00000079       0x51 UART.o

.debug_aranges  0x00000000       0x60
 .debug_aranges
                0x00000000       0x20 startup.o
 .debug_aranges
                0x00000020       0x20 app.o
 .debug_aranges
                0x00000040       0x20 UART.o

.debug_loc      0x00000000       0x58
 .debug_loc     0x00000000       0x2c app.o
 .debug_loc     0x0000002c       0x2c UART.o

.debug_str      0x00000000       0x92
 .debug_str     0x00000000       0x6e app.o
 .debug_str     0x0000006e       0x24 UART.o
                                 0x70 (size before relaxing)

.debug_frame    0x00000000       0x54
 .debug_frame   0x00000000       0x2c app.o
 .debug_frame   0x0000002c       0x28 UART.o
