
Allocating common symbols
Common symbol       size              file

y                   0x1               main.o

Memory Configuration

Name             Origin             Length             Attributes
FLASH            0x0000000008000000 0x0000000000020000 xr
SRAM             0x0000000020000000 0x0000000000005000 xrw
*default*        0x0000000000000000 0xffffffffffffffff

Linker script and memory map


.text           0x0000000008000000      0x127
 *(.Vectors*)
 .Vectors       0x0000000008000000       0x18 startup.o
                0x0000000008000000                Vectors
 *(.text*)
 .text          0x0000000008000018       0x90 startup.o
                0x0000000008000018                Reset_Handler
                0x000000000800009c                MM_Fault_Handler
                0x000000000800009c                Bus_Fault_Handler
                0x000000000800009c                Default_Handler
                0x000000000800009c                H_fault_Handler
                0x000000000800009c                Usage_Fault_Handler
                0x000000000800009c                NMI_Handler
 .text          0x00000000080000a8       0x7c main.o
                0x00000000080000a8                main
 *(.rodata)
 .rodata        0x0000000008000124        0x3 main.o
                0x0000000008000124                g_variables2
                0x0000000008000127                _E_text = .

.glue_7         0x0000000008000128        0x0
 .glue_7        0x0000000008000128        0x0 linker stubs

.glue_7t        0x0000000008000128        0x0
 .glue_7t       0x0000000008000128        0x0 linker stubs

.vfp11_veneer   0x0000000008000128        0x0
 .vfp11_veneer  0x0000000008000128        0x0 linker stubs

.v4_bx          0x0000000008000128        0x0
 .v4_bx         0x0000000008000128        0x0 linker stubs

.iplt           0x0000000008000128        0x0
 .iplt          0x0000000008000128        0x0 startup.o

.rel.dyn        0x0000000008000128        0x0
 .rel.iplt      0x0000000008000128        0x0 startup.o

.data           0x0000000020000000        0x4 load address 0x0000000008000127
                0x0000000020000000                _S_DATA = .
 *(.data*)
 .data          0x0000000020000000        0x0 startup.o
 .data          0x0000000020000000        0x3 main.o
                0x0000000020000000                g_variables
                0x0000000020000004                . = ALIGN (0x4)
 *fill*         0x0000000020000003        0x1 
                0x0000000020000004                _E_DATA = .

.igot.plt       0x0000000020000004        0x0 load address 0x000000000800012b
 .igot.plt      0x0000000020000004        0x0 startup.o

.bss            0x0000000020000004     0x1001 load address 0x000000000800012b
                0x0000000020000004                _S_bss = .
 *(.bss*)
 .bss           0x0000000020000004        0x0 startup.o
 .bss           0x0000000020000004        0x0 main.o
                0x0000000020000004                _E_bss = .
                0x0000000020001004                . = (. + 0x1000)
 *fill*         0x0000000020000004     0x1000 
                0x0000000020001004                _stack_top = .
 COMMON         0x0000000020001004        0x1 main.o
                0x0000000020001004                y
LOAD startup.o
LOAD main.o
OUTPUT(learn-in-depth.elf elf32-littlearm)

.debug_info     0x0000000000000000      0xc21
 .debug_info    0x0000000000000000      0x191 startup.o
 .debug_info    0x0000000000000191      0xa90 main.o

.debug_abbrev   0x0000000000000000      0x2d1
 .debug_abbrev  0x0000000000000000       0xd8 startup.o
 .debug_abbrev  0x00000000000000d8      0x1f9 main.o

.debug_loc      0x0000000000000000       0xb4
 .debug_loc     0x0000000000000000       0x7c startup.o
 .debug_loc     0x000000000000007c       0x38 main.o

.debug_aranges  0x0000000000000000       0x40
 .debug_aranges
                0x0000000000000000       0x20 startup.o
 .debug_aranges
                0x0000000000000020       0x20 main.o

.debug_line     0x0000000000000000      0x3e6
 .debug_line    0x0000000000000000      0x1f2 startup.o
 .debug_line    0x00000000000001f2      0x1f4 main.o

.debug_str      0x0000000000000000      0x5af
 .debug_str     0x0000000000000000      0x194 startup.o
                                        0x1d1 (size before relaxing)
 .debug_str     0x0000000000000194      0x41b main.o
                                        0x582 (size before relaxing)

.comment        0x0000000000000000       0x7b
 .comment       0x0000000000000000       0x7b startup.o
                                         0x7c (size before relaxing)
 .comment       0x000000000000007b       0x7c main.o

.ARM.attributes
                0x0000000000000000       0x33
 .ARM.attributes
                0x0000000000000000       0x33 startup.o
 .ARM.attributes
                0x0000000000000033       0x33 main.o

.debug_frame    0x0000000000000000       0x7c
 .debug_frame   0x0000000000000000       0x50 startup.o
 .debug_frame   0x0000000000000050       0x2c main.o
